GET https://example.com/

302 Found
Location: /sign-in
Pass-through: hello!