GET https://example.com/

401 Unauthorized
Content-Length: 20
Content-Type: text/plain
WWW-Authenticate: Basic realm="Point-Free"

Please authenticate.
